[debug] [2026-04-11T16:21:35.501Z] [Firebase Plugin] Activating Firebase extension.
[info] [Firebase Plugin] Checked firebase-tools, is up to date!
[debug] [2026-04-11T16:21:36.910Z] [Firebase Plugin] requireAuthWrapper
[debug] [2026-04-11T16:21:36.912Z] > command requires scopes: ["email","openid","https://www.googleapis.com/auth/cloudplatformprojects.readonly","https://www.googleapis.com/auth/firebase","https://www.googleapis.com/auth/cloud-platform"]
[debug] [2026-04-11T16:21:36.912Z] > authorizing via signed-in user (chochofraire@gmail.com)
[debug] [2026-04-11T16:21:36.915Z] Checked if tokens are valid: true, expires at: 1775927359879
[debug] [2026-04-11T16:21:36.915Z] Checked if tokens are valid: true, expires at: 1775927359879
[debug] [2026-04-11T16:21:36.915Z] [Firebase Plugin] User found:  chochofraire@gmail.com
[info] [Firebase Plugin] (Core:Project) New user detected, fetching projects
[debug] [2026-04-11T16:21:36.916Z] Checked if tokens are valid: true, expires at: 1775927359879
[debug] [2026-04-11T16:21:36.917Z] >>> [apiv2][query] GET https://firebase.googleapis.com/v1beta1/projects pageSize=1000
[debug] [2026-04-11T16:21:36.927Z] [Firebase Plugin] VSCode notification server listening on port 40001
[info] [Firebase Plugin] Starting Data Connect toolkit (version 3.3.1) on port 50001
[info] i  dataconnect: downloading dataconnect-emulator-3.3.1.exe... {"metadata":{"emulator":{"name":"dataconnect"},"message":"downloading dataconnect-emulator-3.3.1.exe..."}}
[debug] [2026-04-11T16:21:37.147Z] >>> [apiv2][query] GET https://storage.googleapis.com/firemat-preview-drop/emulator/dataconnect-emulator-windows-amd64-v3.3.1 
[debug] [2026-04-11T16:21:37.434Z] <<< [apiv2][status] GET https://storage.googleapis.com/firemat-preview-drop/emulator/dataconnect-emulator-windows-amd64-v3.3.1 200
[debug] [2026-04-11T16:21:37.434Z] <<< [apiv2][body] GET https://storage.googleapis.com/firemat-preview-drop/emulator/dataconnect-emulator-windows-amd64-v3.3.1 [stream]
[debug] [2026-04-11T16:21:37.495Z] <<< [apiv2][status] GET https://firebase.googleapis.com/v1beta1/projects 200
[debug] [2026-04-11T16:21:37.495Z] <<< [apiv2][body] GET https://firebase.googleapis.com/v1beta1/projects [omitted]
[info] i  dataconnect: Removing outdated emulator files: dataconnect-emulator-3.4.1.exe {"metadata":{"emulator":{"name":"dataconnect"},"message":"Removing outdated emulator files: dataconnect-emulator-3.4.1.exe"}}
[debug] [2026-04-11T16:21:42.498Z] I0412 00:21:42.491012   54056 control.go:100] [projects/emulator/locations/emulator/services/260409-005028-arduino-blink 17c6] UpdateResources(): done
Main schema: sources: schema\schema.gql [795B] 
Connector "example": sources: 
 {"metadata":{"emulator":{"name":"dataconnect"},"message":"I0412 00:21:42.491012   54056 control.go:100] [projects/emulator/locations/emulator/services/260409-005028-arduino-blink 17c6] UpdateResources(): done\nMain schema: sources: schema\\schema.gql [795B] \nConnector \"example\": sources: \n"}}
[debug] [2026-04-11T16:21:42.498Z] Ignoring unsupported arg: auto_download {"metadata":{"emulator":{"name":"dataconnect"},"message":"Ignoring unsupported arg: auto_download"}}
[debug] [2026-04-11T16:21:42.498Z] Ignoring unsupported arg: port {"metadata":{"emulator":{"name":"dataconnect"},"message":"Ignoring unsupported arg: port"}}
[debug] [2026-04-11T16:21:42.499Z] Starting Data Connect Emulator with command {"binary":"C:\\Users\\choch\\.cache\\firebase\\emulators\\dataconnect-emulator-3.3.1.exe","args":["--logtostderr","-v=2","dev","--listen=localhost:50001","--config_dir=c:\\Users\\choch\\Documents\\PlatformIO\\Projects\\260409-005028-arduino-blink\\dataconnect","--enable_output_schema_extensions=true","--enable_output_generated_sdk=true"],"optionalArgs":["listen","config_dir","enable_output_schema_extensions","enable_output_generated_sdk"],"joinArgs":true,"shell":false,"port":9399} {"metadata":{"emulator":{"name":"dataconnect"},"message":"Starting Data Connect Emulator with command {\"binary\":\"C:\\\\Users\\\\choch\\\\.cache\\\\firebase\\\\emulators\\\\dataconnect-emulator-3.3.1.exe\",\"args\":[\"--logtostderr\",\"-v=2\",\"dev\",\"--listen=localhost:50001\",\"--config_dir=c:\\\\Users\\\\choch\\\\Documents\\\\PlatformIO\\\\Projects\\\\260409-005028-arduino-blink\\\\dataconnect\",\"--enable_output_schema_extensions=true\",\"--enable_output_generated_sdk=true\"],\"optionalArgs\":[\"listen\",\"config_dir\",\"enable_output_schema_extensions\",\"enable_output_generated_sdk\"],\"joinArgs\":true,\"shell\":false,\"port\":9399}"}}
[info] i  dataconnect: Data Connect Emulator logging to dataconnect-debug.log {"metadata":{"emulator":{"name":"dataconnect"},"message":"Data Connect Emulator logging to \u001b[1mdataconnect-debug.log\u001b[22m"}}
[debug] [2026-04-11T16:21:42.531Z] I0412 00:21:42.531497   59760 load.go:31] Reloading schema and connectors...
 {"metadata":{"emulator":{"name":"dataconnect"},"message":"I0412 00:21:42.531497   59760 load.go:31] Reloading schema and connectors...\n"}}
[debug] [2026-04-11T16:21:42.541Z] I0412 00:21:42.541381   59760 control.go:100] [projects/emulator/locations/emulator/services/260409-005028-arduino-blink c4cd] UpdateResources(): done
Main schema: sources: schema\schema.gql [795B] 
Connector "example": sources: 
 {"metadata":{"emulator":{"name":"dataconnect"},"message":"I0412 00:21:42.541381   59760 control.go:100] [projects/emulator/locations/emulator/services/260409-005028-arduino-blink c4cd] UpdateResources(): done\nMain schema: sources: schema\\schema.gql [795B] \nConnector \"example\": sources: \n"}}
[debug] [2026-04-11T16:21:42.551Z] E0412 00:21:42.550711   59760 load.go:95] Errors generating SDK: [connector "example"]: invalid Data Connect Connector no query found in connector
 {"metadata":{"emulator":{"name":"dataconnect"},"message":"E0412 00:21:42.550711   59760 load.go:95] Errors generating SDK: [connector \"example\"]: invalid Data Connect Connector no query found in connector\n"}}
[debug] [2026-04-11T16:21:42.556Z] I0412 00:21:42.554850   59760 collector.go:107] schema extensions wrote into "c:\\Users\\choch\\Documents\\PlatformIO\\Projects\\260409-005028-arduino-blink\\dataconnect\\.dataconnect\\schema"
Generated sources: main\input.gql [58128B] main\relation.gql [27234B] main\query.gql [7721B] prelude.gql [80888B] main\mutation.gql [20920B] main\implicit.gql [2769B] 
I0412 00:21:42.554850   59760 load.go:109] Finished reloading
 {"metadata":{"emulator":{"name":"dataconnect"},"message":"I0412 00:21:42.554850   59760 collector.go:107] schema extensions wrote into \"c:\\\\Users\\\\choch\\\\Documents\\\\PlatformIO\\\\Projects\\\\260409-005028-arduino-blink\\\\dataconnect\\\\.dataconnect\\\\schema\"\nGenerated sources: main\\input.gql [58128B] main\\relation.gql [27234B] main\\query.gql [7721B] prelude.gql [80888B] main\\mutation.gql [20920B] main\\implicit.gql [2769B] \nI0412 00:21:42.554850   59760 load.go:109] Finished reloading\n"}}
[debug] [2026-04-11T16:21:42.568Z] I0412 00:21:42.568395   59760 dev.go:104] Listening on address (HTTP + gRPC): 127.0.0.1:50001
 {"metadata":{"emulator":{"name":"dataconnect"},"message":"I0412 00:21:42.568395   59760 dev.go:104] Listening on address (HTTP + gRPC): 127.0.0.1:50001\n"}}
[debug] [2026-04-11T16:21:42.743Z] I0412 00:21:42.743221   59760 engine.go:209] [projects/emulator/locations/emulator/services/260409-005028-arduino-blink c4cd] ExecuteGraphqlRead query IntrospectionQuery: succeeded. 
 {"metadata":{"emulator":{"name":"dataconnect"},"message":"I0412 00:21:42.743221   59760 engine.go:209] [projects/emulator/locations/emulator/services/260409-005028-arduino-blink c4cd] ExecuteGraphqlRead query IntrospectionQuery: succeeded. \n"}}
[debug] [2026-04-11T16:31:36.186Z] [Firebase Plugin] Value of process.env.MONOSPACE_ENV: undefined
[debug] [2026-04-11T16:31:36.187Z] [Firebase Plugin] requireAuthWrapper
[debug] [2026-04-11T16:31:36.204Z] > command requires scopes: ["email","openid","https://www.googleapis.com/auth/cloudplatformprojects.readonly","https://www.googleapis.com/auth/firebase","https://www.googleapis.com/auth/cloud-platform"]
[debug] [2026-04-11T16:31:36.205Z] > authorizing via signed-in user (chochofraire@gmail.com)
[debug] [2026-04-11T16:31:36.205Z] Checked if tokens are valid: true, expires at: 1775927359879
[debug] [2026-04-11T16:31:36.205Z] [Firebase Plugin] User found:  chochofraire@gmail.com
[info] [Firebase Plugin] (Core:Project) New user detected, fetching projects
[debug] [2026-04-11T16:31:36.206Z] Checked if tokens are valid: true, expires at: 1775927359879
[debug] [2026-04-11T16:31:36.206Z] >>> [apiv2][query] GET https://firebase.googleapis.com/v1beta1/projects pageSize=1000
[debug] [2026-04-11T16:31:36.214Z] [Firebase Plugin] Value of process.env.MONOSPACE_ENV: undefined
[debug] [2026-04-11T16:31:36.215Z] [Firebase Plugin] requireAuthWrapper
[debug] [2026-04-11T16:31:36.216Z] > command requires scopes: ["email","openid","https://www.googleapis.com/auth/cloudplatformprojects.readonly","https://www.googleapis.com/auth/firebase","https://www.googleapis.com/auth/cloud-platform"]
[debug] [2026-04-11T16:31:36.216Z] > authorizing via signed-in user (chochofraire@gmail.com)
[debug] [2026-04-11T16:31:36.216Z] Checked if tokens are valid: true, expires at: 1775927359879
[debug] [2026-04-11T16:31:36.216Z] [Firebase Plugin] User found:  chochofraire@gmail.com
[info] [Firebase Plugin] (Core:Project) New user detected, fetching projects
[debug] [2026-04-11T16:31:36.217Z] Checked if tokens are valid: true, expires at: 1775927359879
[debug] [2026-04-11T16:31:36.218Z] >>> [apiv2][query] GET https://firebase.googleapis.com/v1beta1/projects pageSize=1000
[debug] [2026-04-11T16:31:36.842Z] <<< [apiv2][status] GET https://firebase.googleapis.com/v1beta1/projects 200
[debug] [2026-04-11T16:31:36.842Z] <<< [apiv2][body] GET https://firebase.googleapis.com/v1beta1/projects [omitted]
[debug] [2026-04-11T16:31:36.843Z] <<< [apiv2][status] GET https://firebase.googleapis.com/v1beta1/projects 200
[debug] [2026-04-11T16:31:36.843Z] <<< [apiv2][body] GET https://firebase.googleapis.com/v1beta1/projects [omitted]
[debug] [2026-04-12T07:04:30.804Z] [Firebase Plugin] Activating Firebase extension.
[info] [Firebase Plugin] Checked firebase-tools, is up to date!
[debug] [2026-04-12T07:04:33.870Z] [Firebase Plugin] requireAuthWrapper
[debug] [2026-04-12T07:04:33.873Z] > command requires scopes: ["email","openid","https://www.googleapis.com/auth/cloudplatformprojects.readonly","https://www.googleapis.com/auth/firebase","https://www.googleapis.com/auth/cloud-platform"]
[debug] [2026-04-12T07:04:33.873Z] > authorizing via signed-in user (chochofraire@gmail.com)
[debug] [2026-04-12T07:04:33.875Z] Checked if tokens are valid: true, expires at: 1775981065410
[debug] [2026-04-12T07:04:33.875Z] Checked if tokens are valid: true, expires at: 1775981065410
[debug] [2026-04-12T07:04:33.875Z] [Firebase Plugin] User found:  chochofraire@gmail.com
[info] [Firebase Plugin] (Core:Project) New user detected, fetching projects
[debug] [2026-04-12T07:04:33.876Z] Checked if tokens are valid: true, expires at: 1775981065410
[debug] [2026-04-12T07:04:33.877Z] >>> [apiv2][query] GET https://firebase.googleapis.com/v1beta1/projects pageSize=1000
[debug] [2026-04-12T07:04:33.885Z] [Firebase Plugin] VSCode notification server listening on port 40001
[info] [Firebase Plugin] Starting Data Connect toolkit (version 3.3.1) on port 50001
[debug] [2026-04-12T07:04:34.222Z] I0412 15:04:34.211490   34088 control.go:100] [projects/emulator/locations/emulator/services/260409-005028-arduino-blink d59b] UpdateResources(): done
Main schema: sources: schema\schema.gql [795B] 
Connector "example": sources: 
 {"metadata":{"emulator":{"name":"dataconnect"},"message":"I0412 15:04:34.211490   34088 control.go:100] [projects/emulator/locations/emulator/services/260409-005028-arduino-blink d59b] UpdateResources(): done\nMain schema: sources: schema\\schema.gql [795B] \nConnector \"example\": sources: \n"}}
[debug] [2026-04-12T07:04:34.223Z] Ignoring unsupported arg: auto_download {"metadata":{"emulator":{"name":"dataconnect"},"message":"Ignoring unsupported arg: auto_download"}}
[debug] [2026-04-12T07:04:34.223Z] Ignoring unsupported arg: port {"metadata":{"emulator":{"name":"dataconnect"},"message":"Ignoring unsupported arg: port"}}
[debug] [2026-04-12T07:04:34.223Z] Starting Data Connect Emulator with command {"binary":"C:\\Users\\choch\\.cache\\firebase\\emulators\\dataconnect-emulator-3.3.1.exe","args":["--logtostderr","-v=2","dev","--listen=localhost:50001","--config_dir=c:\\Users\\choch\\Documents\\PlatformIO\\Projects\\HydroShield\\dataconnect","--enable_output_schema_extensions=true","--enable_output_generated_sdk=true"],"optionalArgs":["listen","config_dir","enable_output_schema_extensions","enable_output_generated_sdk"],"joinArgs":true,"shell":false,"port":9399} {"metadata":{"emulator":{"name":"dataconnect"},"message":"Starting Data Connect Emulator with command {\"binary\":\"C:\\\\Users\\\\choch\\\\.cache\\\\firebase\\\\emulators\\\\dataconnect-emulator-3.3.1.exe\",\"args\":[\"--logtostderr\",\"-v=2\",\"dev\",\"--listen=localhost:50001\",\"--config_dir=c:\\\\Users\\\\choch\\\\Documents\\\\PlatformIO\\\\Projects\\\\HydroShield\\\\dataconnect\",\"--enable_output_schema_extensions=true\",\"--enable_output_generated_sdk=true\"],\"optionalArgs\":[\"listen\",\"config_dir\",\"enable_output_schema_extensions\",\"enable_output_generated_sdk\"],\"joinArgs\":true,\"shell\":false,\"port\":9399}"}}
[info] i  dataconnect: Data Connect Emulator logging to dataconnect-debug.log {"metadata":{"emulator":{"name":"dataconnect"},"message":"Data Connect Emulator logging to \u001b[1mdataconnect-debug.log\u001b[22m"}}
[debug] [2026-04-12T07:04:34.268Z] I0412 15:04:34.256216   22888 load.go:31] Reloading schema and connectors...
 {"metadata":{"emulator":{"name":"dataconnect"},"message":"I0412 15:04:34.256216   22888 load.go:31] Reloading schema and connectors...\n"}}
[debug] [2026-04-12T07:04:34.272Z] I0412 15:04:34.271776   22888 control.go:100] [projects/emulator/locations/emulator/services/260409-005028-arduino-blink bcb0] UpdateResources(): done
Main schema: sources: schema\schema.gql [795B] 
Connector "example": sources: 
 {"metadata":{"emulator":{"name":"dataconnect"},"message":"I0412 15:04:34.271776   22888 control.go:100] [projects/emulator/locations/emulator/services/260409-005028-arduino-blink bcb0] UpdateResources(): done\nMain schema: sources: schema\\schema.gql [795B] \nConnector \"example\": sources: \n"}}
[debug] [2026-04-12T07:04:34.304Z] E0412 15:04:34.286381   22888 load.go:95] Errors generating SDK: [connector "example"]: invalid Data Connect Connector no query found in connector
I0412 15:04:34.288919   22888 collector.go:107] schema extensions wrote into "c:\\Users\\choch\\Documents\\PlatformIO\\Projects\\HydroShield\\dataconnect\\.dataconnect\\schema"
Generated sources: main\input.gql [58128B] main\relation.gql [27234B] main\query.gql [7721B] main\mutation.gql [20920B] prelude.gql [80888B] main\implicit.gql [2769B] 
I0412 15:04:34.288919   22888 load.go:109] Finished reloading
I0412 15:04:34.303217   22888 dev.go:104] Listening on address (HTTP + gRPC): 127.0.0.1:50001
 {"metadata":{"emulator":{"name":"dataconnect"},"message":"E0412 15:04:34.286381   22888 load.go:95] Errors generating SDK: [connector \"example\"]: invalid Data Connect Connector no query found in connector\nI0412 15:04:34.288919   22888 collector.go:107] schema extensions wrote into \"c:\\\\Users\\\\choch\\\\Documents\\\\PlatformIO\\\\Projects\\\\HydroShield\\\\dataconnect\\\\.dataconnect\\\\schema\"\nGenerated sources: main\\input.gql [58128B] main\\relation.gql [27234B] main\\query.gql [7721B] main\\mutation.gql [20920B] prelude.gql [80888B] main\\implicit.gql [2769B] \nI0412 15:04:34.288919   22888 load.go:109] Finished reloading\nI0412 15:04:34.303217   22888 dev.go:104] Listening on address (HTTP + gRPC): 127.0.0.1:50001\n"}}
[debug] [2026-04-12T07:04:35.718Z] <<< [apiv2][status] GET https://firebase.googleapis.com/v1beta1/projects 200
[debug] [2026-04-12T07:04:35.718Z] <<< [apiv2][body] GET https://firebase.googleapis.com/v1beta1/projects [omitted]
[debug] [2026-04-12T07:04:35.763Z] I0412 15:04:35.739867   22888 engine.go:209] [projects/emulator/locations/emulator/services/260409-005028-arduino-blink bcb0] ExecuteGraphqlRead query IntrospectionQuery: succeeded. 
 {"metadata":{"emulator":{"name":"dataconnect"},"message":"I0412 15:04:35.739867   22888 engine.go:209] [projects/emulator/locations/emulator/services/260409-005028-arduino-blink bcb0] ExecuteGraphqlRead query IntrospectionQuery: succeeded. \n"}}
[info] [Firebase Plugin] Stopping Data Connect toolkit
[warn] !  Data Connect Emulator has exited upon receiving signal: SIGINT 
